** Equations with nonzero residuals **

  Name   | Eqn. Mismatch | Equation (0=)
---------+---------------+--------------
 a Bus 5 | -0.000        |              
 a Bus 6 | -0.000        |              
 a Bus 7 | 0.000         |              
 a Bus 8 | 0.000         |              
 v Bus 6 | 0.000         |              
 v Bus 7 | 0.000         |              
 v Bus 8 | 0.000         |              


** Initialization FAILED **
For detailed debugging:
   andes -v 10 run -r tds --init D:\Miniconda3\envs\topo_sfr\Lib\site-packages\andes\cases\kundur\kundur_vsc.xlsx
** Equations with nonzero residuals **

  Name   | Eqn. Mismatch | Equation (0=)
---------+---------------+--------------
 a Bus 5 | -0.000        |              
 a Bus 6 | -0.000        |              
 a Bus 7 | 0.000         |              
 a Bus 8 | 0.000         |              
 v Bus 6 | 0.000         |              
 v Bus 7 | 0.000         |              
 v Bus 8 | 0.000         |              


** Initialization FAILED **
For detailed debugging:
   andes -v 10 run -r tds --init D:\Miniconda3\envs\topo_sfr\Lib\site-packages\andes\cases\kundur\kundur_vsc.xlsx
** Equations with nonzero residuals **

  Name   | Eqn. Mismatch | Equation (0=)
---------+---------------+--------------
 a Bus 5 | -0.000        |              
 a Bus 6 | -0.000        |              
 a Bus 7 | 0.000         |              
 a Bus 8 | 0.000         |              
 v Bus 6 | 0.000         |              
 v Bus 7 | 0.000         |              
 v Bus 8 | 0.000         |              


** Initialization FAILED **
For detailed debugging:
   andes -v 10 run -r tds --init D:\Miniconda3\envs\topo_sfr\Lib\site-packages\andes\cases\kundur\kundur_vsc.xlsx
** Equations with nonzero residuals **

  Name   | Eqn. Mismatch | Equation (0=)
---------+---------------+--------------
 a Bus 5 | -0.000        |              
 a Bus 6 | -0.000        |              
 a Bus 7 | 0.000         |              
 a Bus 8 | 0.000         |              
 v Bus 6 | 0.000         |              
 v Bus 7 | 0.000         |              
 v Bus 8 | 0.000         |              


** Initialization FAILED **
For detailed debugging:
   andes -v 10 run -r tds --init D:\Miniconda3\envs\topo_sfr\Lib\site-packages\andes\cases\kundur\kundur_vsc.xlsx
** Equations with nonzero residuals **

  Name   | Eqn. Mismatch | Equation (0=)
---------+---------------+--------------
 a Bus 5 | -0.000        |              
 a Bus 6 | -0.000        |              
 a Bus 7 | 0.000         |              
 a Bus 8 | 0.000         |              
 v Bus 6 | 0.000         |              
 v Bus 7 | 0.000         |              
 v Bus 8 | 0.000         |              


** Initialization FAILED **
For detailed debugging:
   andes -v 10 run -r tds --init D:\Miniconda3\envs\topo_sfr\Lib\site-packages\andes\cases\kundur\kundur_vsc.xlsx
Traceback (most recent call last):
  File "C:\Users\Administrator\Desktop\zhr\研究生材料\方向5实现\d5_hidden_mode_frequency_from_scratch\scripts\phase_d\d2_validate_physics.py", line 290, in <module>
    main()
  File "C:\Users\Administrator\Desktop\zhr\研究生材料\方向5实现\d5_hidden_mode_frequency_from_scratch\scripts\phase_d\d2_validate_physics.py", line 238, in main
    (RESULT / "model_validation.json").write_text(json.dumps(result, indent=2, sort_keys=True) + "\n", encoding="utf-8")
                                                  ^^^^^^^^^^^^^^^^^^^^^^^^^^^^^^^^^^^^^^^^^^^^
  File "D:\Miniconda3\envs\topo_sfr\Lib\json\__init__.py", line 238, in dumps
    **kw).encode(obj)
          ^^^^^^^^^^^
  File "D:\Miniconda3\envs\topo_sfr\Lib\json\encoder.py", line 202, in encode
    chunks = list(chunks)
             ^^^^^^^^^^^^
  File "D:\Miniconda3\envs\topo_sfr\Lib\json\encoder.py", line 432, in _iterencode
    yield from _iterencode_dict(o, _current_indent_level)
  File "D:\Miniconda3\envs\topo_sfr\Lib\json\encoder.py", line 406, in _iterencode_dict
    yield from chunks
  File "D:\Miniconda3\envs\topo_sfr\Lib\json\encoder.py", line 406, in _iterencode_dict
    yield from chunks
  File "D:\Miniconda3\envs\topo_sfr\Lib\json\encoder.py", line 439, in _iterencode
    o = _default(o)
        ^^^^^^^^^^^
  File "D:\Miniconda3\envs\topo_sfr\Lib\json\encoder.py", line 180, in default
    raise TypeError(f'Object of type {o.__class__.__name__} '
TypeError: Object of type bool is not JSON serializable
