** Equations with nonzero residuals **

  Name   | Eqn. Mismatch | Equation (0=)
---------+---------------+--------------
 a Bus 5 | -0.000        |              
 a Bus 6 | -0.000        |              
 a Bus 7 | 0.000         |              
 a Bus 8 | 0.000         |              
 v Bus 6 | 0.000         |              
 v Bus 7 | 0.000         |              
 v Bus 8 | 0.000         |              


** Initialization FAILED **
For detailed debugging:
   andes -v 10 run -r tds --init C:\Users\Lenovo\miniconda3\envs\topo_sfr\Lib\site-packages\andes\cases\kundur\kundur_vsc.xlsx
Traceback (most recent call last):
  File "C:\Users\Lenovo\Desktop\zhr\研究生材料\方向5实现\d5_hidden_mode_frequency_from_scratch\scripts\phase_i\run_i2_models.py", line 490, in <module>
    main()
  File "C:\Users\Lenovo\Desktop\zhr\研究生材料\方向5实现\d5_hidden_mode_frequency_from_scratch\scripts\phase_i\run_i2_models.py", line 445, in main
    crosscheck, native_trace = native_crosscheck(manifest.iloc[8])
                               ^^^^^^^^^^^^^^^^^^^^^^^^^^^^^^^^^^^
  File "C:\Users\Lenovo\Desktop\zhr\研究生材料\方向5实现\d5_hidden_mode_frequency_from_scratch\scripts\phase_i\run_i2_models.py", line 282, in native_crosscheck
    native = PlantBAndesFull(dt_s=0.02).run_causal_closed_loop(
             ^^^^^^^^^^^^^^^^^^^^^^^^^^^^^^^^^^^^^^^^^^^^^^^^^^
  File "C:\Users\Lenovo\Desktop\zhr\研究生材料\方向5实现\d5_hidden_mode_frequency_from_scratch\src\direction5freq\models\plant_b_andes_full.py", line 228, in run_causal_closed_loop
    success = system.TDS.run(no_summary=True)
              ^^^^^^^^^^^^^^^^^^^^^^^^^^^^^^^
  File "C:\Users\Lenovo\miniconda3\envs\topo_sfr\Lib\site-packages\andes\routines\tds.py", line 451, in run
    self.callpert(dae.t, system)
  File "C:\Users\Lenovo\Desktop\zhr\研究生材料\方向5实现\d5_hidden_mode_frequency_from_scratch\src\direction5freq\models\plant_b_andes_full.py", line 151, in callback
    area_omega, tie_native, pm_native, valve_native = self._area_quantities(active_system)
                                                      ^^^^^^^^^^^^^^^^^^^^^^^^^^^^^^^^^^^^
  File "C:\Users\Lenovo\Desktop\zhr\研究生材料\方向5实现\d5_hidden_mode_frequency_from_scratch\src\direction5freq\models\plant_b_andes_full.py", line 107, in _area_quantities
    valve = np.asarray(system.dae.x[np.asarray(system.TGOV1.x1.a, dtype=int)])
                                               ^^^^^^^^^^^^^^^
AttributeError: 'TGOV1' object has no attribute 'x1'. Did you mean: 'T1'?
ERROR conda.cli.main_run:execute(148): `conda run python scripts/phase_i/run_i2_models.py` failed. (See above for error)
