** Equations with nonzero residuals **

  Name   | Eqn. Mismatch | Equation (0=)
---------+---------------+--------------
 a Bus 5 | -0.000        |              
 a Bus 6 | -0.000        |              
 a Bus 7 | 0.000         |              
 a Bus 8 | 0.000         |              
 v Bus 6 | 0.000         |              
 v Bus 7 | 0.000         |              
 v Bus 8 | 0.000         |              


** Initialization FAILED **
For detailed debugging:
   andes -v 10 run -r tds --init C:\Users\Lenovo\miniconda3\envs\topo_sfr\Lib\site-packages\andes\cases\kundur\kundur_vsc.xlsx
Traceback (most recent call last):
  File "C:\Users\Lenovo\Desktop\zhr\研究生材料\方向5实现\d5_hidden_mode_frequency_from_scratch\scripts\direction5_accr\run_a0_platform.py", line 332, in <module>
    main()
  File "C:\Users\Lenovo\Desktop\zhr\研究生材料\方向5实现\d5_hidden_mode_frequency_from_scratch\scripts\direction5_accr\run_a0_platform.py", line 248, in main
    worker_result = plant_b_check()
                    ^^^^^^^^^^^^^^^
  File "C:\Users\Lenovo\Desktop\zhr\研究生材料\方向5实现\d5_hidden_mode_frequency_from_scratch\scripts\direction5_accr\run_a0_platform.py", line 169, in plant_b_check
    trace = plant.run_causal_closed_loop(
            ^^^^^^^^^^^^^^^^^^^^^^^^^^^^^
  File "C:\Users\Lenovo\Desktop\zhr\研究生材料\方向5实现\d5_hidden_mode_frequency_from_scratch\src\direction5freq\models\plant_b_andes_full.py", line 298, in run_causal_closed_loop
    raise RuntimeError(
RuntimeError: ANDES native initialization test failed: max_residual=3.72369253321e-07, tol=1e-07, bad_equations=['a Bus 5', 'a Bus 6', 'a Bus 7', 'a Bus 8', 'v Bus 6', 'v Bus 7', 'v Bus 8']
